Traceback (most recent call last):
  File "/opt/hostedtoolcache/Python/3.14.3/x64/lib/python3.14/site-packages/jupyter_cache/executors/utils.py", line 58, in single_nb_execution
    executenb(
    ~~~~~~~~~^
        nb,
        ^^^
    ...<4 lines>...
        **kwargs,
        ^^^^^^^^^
    )
    ^
  File "/opt/hostedtoolcache/Python/3.14.3/x64/lib/python3.14/site-packages/nbclient/client.py", line 1323, in execute
    return NotebookClient(nb=nb, resources=resources, km=km, **kwargs).execute()
           ~~~~~~~~~~~~~~~~~~~~~~~~~~~~~~~~~~~~~~~~~~~~~~~~~~~~~~~~~~~~~~~~~~~^^
  File "/opt/hostedtoolcache/Python/3.14.3/x64/lib/python3.14/site-packages/jupyter_core/utils/__init__.py", line 165, in wrapped
    return loop.run_until_complete(inner)
           ~~~~~~~~~~~~~~~~~~~~~~~^^^^^^^
  File "/opt/hostedtoolcache/Python/3.14.3/x64/lib/python3.14/asyncio/base_events.py", line 719, in run_until_complete
    return future.result()
           ~~~~~~~~~~~~~^^
  File "/opt/hostedtoolcache/Python/3.14.3/x64/lib/python3.14/site-packages/nbclient/client.py", line 709, in async_execute
    await self.async_execute_cell(
        cell, index, execution_count=self.code_cells_executed + 1
    )
  File "/opt/hostedtoolcache/Python/3.14.3/x64/lib/python3.14/site-packages/nbclient/client.py", line 1062, in async_execute_cell
    await self._check_raise_for_error(cell, cell_index, exec_reply)
  File "/opt/hostedtoolcache/Python/3.14.3/x64/lib/python3.14/site-packages/nbclient/client.py", line 918, in _check_raise_for_error
    raise CellExecutionError.from_cell_and_msg(cell, exec_reply_content)
nbclient.exceptions.CellExecutionError: An error occurred while executing the following cell:
------------------
# Define a function for the energy (in a.u.) of a particle in a circular disk
# with length a, principle quantum number n, and angular quantum number l
# The length is input in Bohr (atomic units).
def compute_energy_disk(n, l, a):
    "Compute 1-dimensional particle-in-a-spherical-ball energy."
    #Compute the first n zeros of the Bessel function
    zeros = special.jn_zeros(l,n)
    #Compute the energy from the n-th zero.
    return  (zeros[-1])**2/ (2 * a**2)

#This next bit of code just prints out the energy in atomic units
def print_energy_disk(a, n, l):
    print(f'The energy of an electron confined to a disk with radius {a:.2f} a.u.,'
       f' principle quantum number {n}, and angular quantum number {l}'
       f' is {compute_energy_disk(n, l, a):.3f} a.u..')

print_energy_disk(a, n, l)
------------------


[31m---------------------------------------------------------------------------[39m
[31mNameError[39m                                 Traceback (most recent call last)
[36mCell[39m[36m [39m[32mIn[2][39m[32m, line 17[39m
[32m     13[39m     print(f'The energy of an electron confined to a disk with radius {a:.2f} a.u.,'
[32m     14[39m        f' principle quantum number {n}, and angular quantum number {l}'
[32m     15[39m        f' is {compute_energy_disk(n, l, a):.3f} a.u..')
[32m     16[39m 
[32m---> [39m[32m17[39m print_energy_disk(a, n, l)

[31mNameError[39m: name 'a' is not defined

